
> school-ai-static@1.0.0 test
> cross-env NODE_ENV=test jest

FAIL __tests__/api.test.js (12.635 s)
  тЧП Console

    console.log
      тЧЗ injected env (10) from .env // tip: тМШ custom filepath { path: '/custom/path/.env' }

      at _log (node_modules/dotenv/lib/main.js:131:11)

    console.log
      Starting PostgreSQL container...

      at Object.<anonymous> (__tests__/setup.js:10:11)

    console.log
      PostgreSQL ready at postgresql://test:test_pass@localhost:32814/school_test

      at Object.<anonymous> (__tests__/setup.js:28:11)

    console.log
      Initializing test data...

      at Database._createSeedData (config/database.ts:204:13)

    console.log
      Test data created

      at Database._createSeedData (config/database.ts:300:13)

    console.error
      Error: Error: ╨Э╨╡╨▓╨╡╤А╨╜╤Л╨╣ ╨╕╨╗╨╕ ╨╕╤Б╤В╤С╨║╤И╨╕╨╣ ╤В╨╛╨║╨╡╨╜
          at UserService.confirmPasswordReset (C:\school-ai-local\school-ai-static\services\userService.ts:63:24)
          at processTicksAndRejections (node:internal/process/task_queues:104:5)
          at C:\school-ai-local\school-ai-static\routes\auth.ts:149:3

    [0m [90m 1 |[39m [90m// middleware/errorHandler.js[39m
     [90m 2 |[39m module[33m.[39mexports [33m=[39m (err[33m,[39m req[33m,[39m res[33m,[39m next) [33m=>[39m {
    [31m[1m>[22m[39m[90m 3 |[39m   console[33m.[39merror([32m'Error:'[39m[33m,[39m err[33m.[39mstack)[33m;[39m
     [90m   |[39m           [31m[1m^[22m[39m
     [90m 4 |[39m
     [90m 5 |[39m   [36mif[39m (err[33m.[39mstatus [33m&&[39m err[33m.[39mcode) {
     [90m 6 |[39m     [36mreturn[39m res[33m.[39mstatus(err[33m.[39mstatus)[33m.[39mjson({ error[33m:[39m err[33m.[39mmessage[33m,[39m code[33m:[39m err[33m.[39mcode })[33m;[39m[0m

      at Object.<anonymous>.module.exports (middleware/errorHandler.ts:3:11)
      at Layer.handle_error (node_modules/express/lib/router/layer.js:71:5)
      at trim_prefix (node_modules/express/lib/router/index.js:326:13)
      at node_modules/express/lib/router/index.js:286:9
      at router.process_params (node_modules/express/lib/router/index.js:346:12)
      at next (node_modules/express/lib/router/index.js:280:10)
      at Layer.handle_error (node_modules/express/lib/router/layer.js:67:12)
      at trim_prefix (node_modules/express/lib/router/index.js:326:13)
      at node_modules/express/lib/router/index.js:286:9
      at param (node_modules/express/lib/router/index.js:365:14)
      at param (node_modules/express/lib/router/index.js:376:14)
      at router.process_params (node_modules/express/lib/router/index.js:421:3)
      at next (node_modules/express/lib/router/index.js:280:10)
      at Layer.handle_error (node_modules/express/lib/router/layer.js:67:12)
      at trim_prefix (node_modules/express/lib/router/index.js:326:13)
      at node_modules/express/lib/router/index.js:286:9
      at router.process_params (node_modules/express/lib/router/index.js:346:12)
      at next (node_modules/express/lib/router/index.js:280:10)
      at Layer.handle_error (node_modules/express/lib/router/layer.js:67:12)
      at trim_prefix (node_modules/express/lib/router/index.js:326:13)
      at node_modules/express/lib/router/index.js:286:9
      at router.process_params (node_modules/express/lib/router/index.js:346:12)
      at Immediate.next (node_modules/express/lib/router/index.js:280:10)
      at Immediate._onImmediate (node_modules/express/lib/router/index.js:646:15)

    console.log
      Cleaning up...

      at Object.<anonymous> (__tests__/setup.js:35:11)

  тЧП ╨Р╨▓╤В╨╛╤А╨╕╨╖╨░╤Ж╨╕╤П тА║ POST /api/login: ╨╛╤В╤Б╤Г╤В╤Б╤В╨▓╤Г╤О╤Й╨╕╨╡ ╨┐╨╛╨╗╤П

    expect(received).toBe(expected) // Object.is equality

    Expected: "MISSING_FIELDS"
    Received: "WEAK_PASSWORD"

    [0m [90m 61 |[39m     [36mconst[39m res [33m=[39m [36mawait[39m request(app)[33m.[39mpost([32m'/api/login'[39m)[33m.[39msend({ email[33m:[39m [32m'test@school.ru'[39m })[33m;[39m
     [90m 62 |[39m     expect(res[33m.[39mstatusCode)[33m.[39mtoBe([35m400[39m)[33m;[39m
    [31m[1m>[22m[39m[90m 63 |[39m     expect(res[33m.[39mbody[33m.[39mcode)[33m.[39mtoBe([32m'MISSING_FIELDS'[39m)[33m;[39m
     [90m    |[39m                           [31m[1m^[22m[39m
     [90m 64 |[39m   })[33m;[39m
     [90m 65 |[39m })[33m;[39m
     [90m 66 |[39m[0m

      at Object.<anonymous> (__tests__/api.test.js:63:27)

  тЧП ╨Я╤Г╨▒╨╗╨╕╤З╨╜╤Л╨╡ ╤Н╨╜╨┤╨┐╨╛╨╕╨╜╤В╤Л тА║ GET /api/classes: ╨▒╨╡╨╖ ╤В╨╛╨║╨╡╨╜╨░ тЖТ ╨▓╨╛╨╖╨▓╤А╨░╤Й╨░╨╡╤В ╤Б╨┐╨╕╤Б╨╛╨║

    expect(received).toBe(expected) // Object.is equality

    Expected: 200
    Received: 401

    [0m [90m 68 |[39m   test([32m'GET /api/classes: ╨▒╨╡╨╖ ╤В╨╛╨║╨╡╨╜╨░ тЖТ ╨▓╨╛╨╖╨▓╤А╨░╤Й╨░╨╡╤В ╤Б╨┐╨╕╤Б╨╛╨║'[39m[33m,[39m [36masync[39m () [33m=>[39m {
     [90m 69 |[39m     [36mconst[39m res [33m=[39m [36mawait[39m request(app)[33m.[39m[36mget[39m([32m'/api/classes'[39m)[33m;[39m
    [31m[1m>[22m[39m[90m 70 |[39m     expect(res[33m.[39mstatusCode)[33m.[39mtoBe([35m200[39m)[33m;[39m
     [90m    |[39m                            [31m[1m^[22m[39m
     [90m 71 |[39m     expect([33mArray[39m[33m.[39misArray(res[33m.[39mbody))[33m.[39mtoBe([36mtrue[39m)[33m;[39m
     [90m 72 |[39m   })[33m;[39m
     [90m 73 |[39m })[33m;[39m[0m

      at Object.<anonymous> (__tests__/api.test.js:70:28)

  тЧП ╨а╨╡╨│╨╕╤Б╤В╤А╨░╤Ж╨╕╤П тА║ POST /api/register: ╤Г╤Б╨┐╨╡╤И╨╜╨░╤П ╤А╨╡╨│╨╕╤Б╤В╤А╨░╤Ж╨╕╤П ╤Г╤З╨╡╨╜╨╕╨║╨░

    expect(received).toBe(expected) // Object.is equality

    Expected: 201
    Received: 400

    [0m [90m 287 |[39m       [33m.[39mpost([32m'/api/register'[39m)
     [90m 288 |[39m       [33m.[39msend({ [33m...[39mnewUser[33m,[39m email[33m:[39m [32m'unique@test.com'[39m[33m,[39m class_id[33m:[39m classId })[33m;[39m
    [31m[1m>[22m[39m[90m 289 |[39m     expect(res[33m.[39mstatusCode)[33m.[39mtoBe([35m201[39m)[33m;[39m
     [90m     |[39m                            [31m[1m^[22m[39m
     [90m 290 |[39m     expect(res[33m.[39mbody[33m.[39msuccess)[33m.[39mtoBe([36mtrue[39m)[33m;[39m
     [90m 291 |[39m   })[33m;[39m
     [90m 292 |[39m[0m

      at Object.<anonymous> (__tests__/api.test.js:289:28)

  тЧП ╨а╨╡╨│╨╕╤Б╤В╤А╨░╤Ж╨╕╤П тА║ POST /api/register: ╨┤╤Г╨▒╨╗╨╕╨║╨░╤В email тЖТ 409

    expect(received).toBe(expected) // Object.is equality

    Expected: 409
    Received: 400

    [0m [90m 295 |[39m       [33m.[39mpost([32m'/api/register'[39m)
     [90m 296 |[39m       [33m.[39msend({ [33m...[39mnewUser[33m,[39m email[33m:[39m [32m'ivan@school.ru'[39m })[33m;[39m
    [31m[1m>[22m[39m[90m 297 |[39m     expect(res[33m.[39mstatusCode)[33m.[39mtoBe([35m409[39m)[33m;[39m
     [90m     |[39m                            [31m[1m^[22m[39m
     [90m 298 |[39m     expect(res[33m.[39mbody[33m.[39mcode)[33m.[39mtoBe([32m'EMAIL_EXISTS'[39m)[33m;[39m
     [90m 299 |[39m   })[33m;[39m
     [90m 300 |[39m })[33m;[39m[0m

      at Object.<anonymous> (__tests__/api.test.js:297:28)

  тЧП ╨Т╤Л╤Б╤В╨░╨▓╨╗╨╡╨╜╨╕╨╡ ╨╛╤Ж╨╡╨╜╨╛╨║ тА║ POST /api/grades: ╨╜╨╡╨▓╨╡╤А╨╜╨░╤П ╨╛╤Ж╨╡╨╜╨║╨░ тЖТ 400

    expect(received).toBe(expected) // Object.is equality

    Expected: "INVALID_GRADE"
    Received: "VALIDATION_ERROR"

    [0m [90m 315 |[39m       [33m.[39msend({ student_id[33m:[39m [32m'x'[39m[33m,[39m subject[33m:[39m [32m'╨Ь╨░╤В╨╡╨╝╨░╤В╨╕╨║╨░'[39m[33m,[39m grade[33m:[39m [35m6[39m })[33m;[39m
     [90m 316 |[39m     expect(res[33m.[39mstatusCode)[33m.[39mtoBe([35m400[39m)[33m;[39m
    [31m[1m>[22m[39m[90m 317 |[39m     expect(res[33m.[39mbody[33m.[39mcode)[33m.[39mtoBe([32m'INVALID_GRADE'[39m)[33m;[39m
     [90m     |[39m                           [31m[1m^[22m[39m
     [90m 318 |[39m   })[33m;[39m
     [90m 319 |[39m })[33m;[39m
     [90m 320 |[39m[0m

      at Object.<anonymous> (__tests__/api.test.js:317:27)

  тЧП ╨Ю╨▒╤А╨░╨▒╨╛╤В╨║╨░ ╨╛╤И╨╕╨▒╨╛╨║ тА║ 404 ╨┤╨╗╤П ╨╜╨╡╤Б╤Г╤Й╨╡╤Б╤В╨▓╤Г╤О╤Й╨╡╨│╨╛ /api/ ╨╝╨░╤А╤И╤А╤Г╤В╨░

    expect(received).toBe(expected) // Object.is equality

    Expected: 404
    Received: 401

    [0m [90m 344 |[39m   test([32m'404 ╨┤╨╗╤П ╨╜╨╡╤Б╤Г╤Й╨╡╤Б╤В╨▓╤Г╤О╤Й╨╡╨│╨╛ /api/ ╨╝╨░╤А╤И╤А╤Г╤В╨░'[39m[33m,[39m [36masync[39m () [33m=>[39m {
     [90m 345 |[39m     [36mconst[39m res [33m=[39m [36mawait[39m request(app)[33m.[39m[36mget[39m([32m'/api/nonexistent-route'[39m)[33m;[39m
    [31m[1m>[22m[39m[90m 346 |[39m     expect(res[33m.[39mstatusCode)[33m.[39mtoBe([35m404[39m)[33m;[39m
     [90m     |[39m                            [31m[1m^[22m[39m
     [90m 347 |[39m     expect(res[33m.[39mbody)[33m.[39mtoHaveProperty([32m'error'[39m)[33m;[39m
     [90m 348 |[39m   })[33m;[39m
     [90m 349 |[39m })[33m;[39m[0m

      at Object.<anonymous> (__tests__/api.test.js:346:28)

FAIL __tests__/middleware.test.js (6.212 s)
  тЧП Console

    console.log
      Starting PostgreSQL container...

      at Object.<anonymous> (__tests__/setup.js:10:11)

    console.log
      PostgreSQL ready at postgresql://test:test_pass@localhost:32815/school_test

      at Object.<anonymous> (__tests__/setup.js:28:11)

    console.log
      Initializing test data...

      at Database._createSeedData (config/database.ts:204:13)

    console.log
      Test data created

      at Database._createSeedData (config/database.ts:300:13)

    console.error
      Error: test

    [0m [90m 1 |[39m [90m// middleware/errorHandler.js[39m
     [90m 2 |[39m module[33m.[39mexports [33m=[39m (err[33m,[39m req[33m,[39m res[33m,[39m next) [33m=>[39m {
    [31m[1m>[22m[39m[90m 3 |[39m   console[33m.[39merror([32m'Error:'[39m[33m,[39m err[33m.[39mstack)[33m;[39m
     [90m   |[39m           [31m[1m^[22m[39m
     [90m 4 |[39m
     [90m 5 |[39m   [36mif[39m (err[33m.[39mstatus [33m&&[39m err[33m.[39mcode) {
     [90m 6 |[39m     [36mreturn[39m res[33m.[39mstatus(err[33m.[39mstatus)[33m.[39mjson({ error[33m:[39m err[33m.[39mmessage[33m,[39m code[33m:[39m err[33m.[39mcode })[33m;[39m[0m

      at Object.<anonymous>.module.exports (middleware/errorHandler.ts:3:11)
      at Object.<anonymous> (__tests__/middleware.test.js:259:5)

    console.error
      Error: test

    [0m [90m 1 |[39m [90m// middleware/errorHandler.js[39m
     [90m 2 |[39m module[33m.[39mexports [33m=[39m (err[33m,[39m req[33m,[39m res[33m,[39m next) [33m=>[39m {
    [31m[1m>[22m[39m[90m 3 |[39m   console[33m.[39merror([32m'Error:'[39m[33m,[39m err[33m.[39mstack)[33m;[39m
     [90m   |[39m           [31m[1m^[22m[39m
     [90m 4 |[39m
     [90m 5 |[39m   [36mif[39m (err[33m.[39mstatus [33m&&[39m err[33m.[39mcode) {
     [90m 6 |[39m     [36mreturn[39m res[33m.[39mstatus(err[33m.[39mstatus)[33m.[39mjson({ error[33m:[39m err[33m.[39mmessage[33m,[39m code[33m:[39m err[33m.[39mcode })[33m;[39m[0m

      at Object.<anonymous>.module.exports (middleware/errorHandler.ts:3:11)
      at Object.<anonymous> (__tests__/middleware.test.js:271:5)

    console.error
      Error: test

    [0m [90m 1 |[39m [90m// middleware/errorHandler.js[39m
     [90m 2 |[39m module[33m.[39mexports [33m=[39m (err[33m,[39m req[33m,[39m res[33m,[39m next) [33m=>[39m {
    [31m[1m>[22m[39m[90m 3 |[39m   console[33m.[39merror([32m'Error:'[39m[33m,[39m err[33m.[39mstack)[33m;[39m
     [90m   |[39m           [31m[1m^[22m[39m
     [90m 4 |[39m
     [90m 5 |[39m   [36mif[39m (err[33m.[39mstatus [33m&&[39m err[33m.[39mcode) {
     [90m 6 |[39m     [36mreturn[39m res[33m.[39mstatus(err[33m.[39mstatus)[33m.[39mjson({ error[33m:[39m err[33m.[39mmessage[33m,[39m code[33m:[39m err[33m.[39mcode })[33m;[39m[0m

      at Object.<anonymous>.module.exports (middleware/errorHandler.ts:3:11)
      at Object.<anonymous> (__tests__/middleware.test.js:283:5)

    console.error
      Error: test

    [0m [90m 1 |[39m [90m// middleware/errorHandler.js[39m
     [90m 2 |[39m module[33m.[39mexports [33m=[39m (err[33m,[39m req[33m,[39m res[33m,[39m next) [33m=>[39m {
    [31m[1m>[22m[39m[90m 3 |[39m   console[33m.[39merror([32m'Error:'[39m[33m,[39m err[33m.[39mstack)[33m;[39m
     [90m   |[39m           [31m[1m^[22m[39m
     [90m 4 |[39m
     [90m 5 |[39m   [36mif[39m (err[33m.[39mstatus [33m&&[39m err[33m.[39mcode) {
     [90m 6 |[39m     [36mreturn[39m res[33m.[39mstatus(err[33m.[39mstatus)[33m.[39mjson({ error[33m:[39m err[33m.[39mmessage[33m,[39m code[33m:[39m err[33m.[39mcode })[33m;[39m[0m

      at Object.<anonymous>.module.exports (middleware/errorHandler.ts:3:11)
      at Object.<anonymous> (__tests__/middleware.test.js:295:5)

    console.log
      Cleaning up...

      at Object.<anonymous> (__tests__/setup.js:35:11)

  тЧП validate (Zod) тА║ loginSchema: missing email тЖТ 400

    expect(received).toBe(expected) // Object.is equality

    Expected: "MISSING_FIELDS"
    Received: "INVALID_EMAIL"

    [0m [90m 147 |[39m
     [90m 148 |[39m     expect(res[33m.[39mstatusCode)[33m.[39mtoBe([35m400[39m)[33m;[39m
    [31m[1m>[22m[39m[90m 149 |[39m     expect(res[33m.[39m_json[33m.[39mcode)[33m.[39mtoBe([32m'MISSING_FIELDS'[39m)[33m;[39m
     [90m     |[39m                            [31m[1m^[22m[39m
     [90m 150 |[39m   })[33m;[39m
     [90m 151 |[39m
     [90m 152 |[39m   test([32m'loginSchema: invalid email тЖТ 400'[39m[33m,[39m () [33m=>[39m {[0m

      at Object.<anonymous> (__tests__/middleware.test.js:149:28)

  тЧП validateGrade with Zod тА║ invalid grade out of range тЖТ 400

    expect(received).toBe(expected) // Object.is equality

    Expected: "INVALID_GRADE"
    Received: "VALIDATION_ERROR"

    [0m [90m 236 |[39m
     [90m 237 |[39m     expect(res[33m.[39mstatusCode)[33m.[39mtoBe([35m400[39m)[33m;[39m
    [31m[1m>[22m[39m[90m 238 |[39m     expect(res[33m.[39m_json[33m.[39mcode)[33m.[39mtoBe([32m'INVALID_GRADE'[39m)[33m;[39m
     [90m     |[39m                            [31m[1m^[22m[39m
     [90m 239 |[39m   })[33m;[39m
     [90m 240 |[39m
     [90m 241 |[39m   test([32m'missing student_id тЖТ 400'[39m[33m,[39m () [33m=>[39m {[0m

      at Object.<anonymous> (__tests__/middleware.test.js:238:28)

PASS __tests__/services-extra.test.js (6.813 s)
  тЧП Console

    console.log
      Starting PostgreSQL container...

      at Object.<anonymous> (__tests__/setup.js:10:11)

    console.log
      PostgreSQL ready at postgresql://test:test_pass@localhost:32816/school_test

      at Object.<anonymous> (__tests__/setup.js:28:11)

    console.log
      Initializing test data...

      at Database._createSeedData (config/database.ts:204:13)

    console.log
      Test data created

      at Database._createSeedData (config/database.ts:300:13)

    console.log
      Cleaning up...

      at Object.<anonymous> (__tests__/setup.js:35:11)

PASS __tests__/services.test.js (6.657 s)
  тЧП Console

    console.log
      Starting PostgreSQL container...

      at Object.<anonymous> (__tests__/setup.js:10:11)

    console.log
      PostgreSQL ready at postgresql://test:test_pass@localhost:32817/school_test

      at Object.<anonymous> (__tests__/setup.js:28:11)

    console.log
      Initializing test data...

      at Database._createSeedData (config/database.ts:204:13)

    console.log
      Test data created

      at Database._createSeedData (config/database.ts:300:13)

    console.error
      Decryption error: Unsupported state or unable to authenticate data

    [0m [90m 47 |[39m       [36mreturn[39m decrypted[33m;[39m
     [90m 48 |[39m     } [36mcatch[39m (err) {
    [31m[1m>[22m[39m[90m 49 |[39m       console[33m.[39merror([32m'Decryption error:'[39m[33m,[39m err[33m.[39mmessage)[33m;[39m
     [90m    |[39m               [31m[1m^[22m[39m
     [90m 50 |[39m       [36mreturn[39m [32m'[╨Ю╤И╨╕╨▒╨║╨░ ╤А╨░╤Б╤И╨╕╤Д╤А╨╛╨▓╨║╨╕]'[39m[33m;[39m
     [90m 51 |[39m     }
     [90m 52 |[39m   }[0m

      at CryptoService.decrypt (services/cryptoService.ts:49:15)
      at Object.<anonymous> (__tests__/services.test.js:26:37)

    console.error
      Decryption error: Invalid ciphertext format

    [0m [90m 47 |[39m       [36mreturn[39m decrypted[33m;[39m
     [90m 48 |[39m     } [36mcatch[39m (err) {
    [31m[1m>[22m[39m[90m 49 |[39m       console[33m.[39merror([32m'Decryption error:'[39m[33m,[39m err[33m.[39mmessage)[33m;[39m
     [90m    |[39m               [31m[1m^[22m[39m
     [90m 50 |[39m       [36mreturn[39m [32m'[╨Ю╤И╨╕╨▒╨║╨░ ╤А╨░╤Б╤И╨╕╤Д╤А╨╛╨▓╨║╨╕]'[39m[33m;[39m
     [90m 51 |[39m     }
     [90m 52 |[39m   }[0m

      at CryptoService.decrypt (services/cryptoService.ts:49:15)
      at Object.<anonymous> (__tests__/services.test.js:31:34)

    console.log
      Cleaning up...

      at Object.<anonymous> (__tests__/setup.js:35:11)


Test Suites: 2 failed, 2 passed, 4 total
Tests:       8 failed, 81 passed, 89 total
Snapshots:   0 total
Time:        33.011 s
Ran all test suites.
